/Library/Frameworks/Python.framework/Versions/3.11/lib/python3.11/site-packages/thop/profile.py:12: DeprecationWarning: distutils Version classes are deprecated. Use packaging.version instead.
  if LooseVersion(torch.__version__) < LooseVersion("1.0.0"):
/Library/Frameworks/Python.framework/Versions/3.11/lib/python3.11/site-packages/thop/profile.py:68: DeprecationWarning: distutils Version classes are deprecated. Use packaging.version instead.
  if LooseVersion(torch.__version__) >= LooseVersion("1.1.0"):
Traceback (most recent call last):
  File "/Users/defalt/Desktop/Athena/research/forest-of-thoughts/example.py", line 2, in <module>
    from swarms import OpenAIChat, Mixtral
  File "/Library/Frameworks/Python.framework/Versions/3.11/lib/python3.11/site-packages/swarms/__init__.py", line 6, in <module>
    from swarms.agents import *  # noqa: E402, F403
    ^^^^^^^^^^^^^^^^^^^^^^^^^^^
  File "/Library/Frameworks/Python.framework/Versions/3.11/lib/python3.11/site-packages/swarms/agents/__init__.py", line 3, in <module>
    from swarms.agents.simple_agent import SimpleAgent
  File "/Library/Frameworks/Python.framework/Versions/3.11/lib/python3.11/site-packages/swarms/agents/simple_agent.py", line 2, in <module>
    from swarms.models.base_llm import AbstractLLM
  File "/Library/Frameworks/Python.framework/Versions/3.11/lib/python3.11/site-packages/swarms/models/__init__.py", line 47, in <module>
    from swarms.models.vip_llava import VipLlavaMultiModal  # noqa: E402
    ^^^^^^^^^^^^^^^^^^^^^^^^^^^^^^^^^^^^^^^^^^^^^^^^^^^^^^
  File "/Library/Frameworks/Python.framework/Versions/3.11/lib/python3.11/site-packages/swarms/models/vip_llava.py", line 6, in <module>
    from transformers import (
ImportError: cannot import name 'VipLlavaForConditionalGeneration' from 'transformers' (/Library/Frameworks/Python.framework/Versions/3.11/lib/python3.11/site-packages/transformers/__init__.py)
/Library/Frameworks/Python.framework/Versions/3.11/lib/python3.11/tempfile.py:895: ResourceWarning: Implicitly cleaning up <TemporaryDirectory '/var/folders/zl/0vgkvtm52vjcs1skpnlqnssw0000gn/T/tmp63fwl42swandb'>
  _warnings.warn(warn_message, ResourceWarning)
/Library/Frameworks/Python.framework/Versions/3.11/lib/python3.11/tempfile.py:895: ResourceWarning: Implicitly cleaning up <TemporaryDirectory '/var/folders/zl/0vgkvtm52vjcs1skpnlqnssw0000gn/T/tmp9iqb3hvvwandb-artifacts'>
  _warnings.warn(warn_message, ResourceWarning)
/Library/Frameworks/Python.framework/Versions/3.11/lib/python3.11/tempfile.py:895: ResourceWarning: Implicitly cleaning up <TemporaryDirectory '/var/folders/zl/0vgkvtm52vjcs1skpnlqnssw0000gn/T/tmpich7s2rdwandb-media'>
  _warnings.warn(warn_message, ResourceWarning)
/Library/Frameworks/Python.framework/Versions/3.11/lib/python3.11/tempfile.py:895: ResourceWarning: Implicitly cleaning up <TemporaryDirectory '/var/folders/zl/0vgkvtm52vjcs1skpnlqnssw0000gn/T/tmp80ncf1gtwandb-media'>
  _warnings.warn(warn_message, ResourceWarning)
/Library/Frameworks/Python.framework/Versions/3.11/lib/python3.11/tempfile.py:895: ResourceWarning: Implicitly cleaning up <TemporaryDirectory '/var/folders/zl/0vgkvtm52vjcs1skpnlqnssw0000gn/T/tmpvoz61kji'>
  _warnings.warn(warn_message, ResourceWarning)
